======================================================================
SMOKE TEST ù From-Scratch NL2SQL LLM
======================================================================
[smoke] Temp dir: C:\Users\DELL\AppData\Local\Temp\nl2sql_smoke_lc3rbie0

[smoke] Cleaned up C:\Users\DELL\AppData\Local\Temp\nl2sql_smoke_lc3rbie0
python : Traceback (most 
recent call last):
At line:1 char:1
+ python -u 
tests/test_smoke.py > 
test_output.txt 2>&1; type 
test_outpu ...
+ ~~~~~~~~~~~~~~~~~~~~~~~~~~~
~~~~~~~~~~~~~~~~~~~~~~~~~
    + CategoryInfo           
   : NotSpecified: (Traceba  
  ck (most recent call las   
 t)::String) [], RemoteEx    
ception
    + FullyQualifiedErrorId  
   : NativeCommandError
 
  File "D:\LLM\tests\test_smo
ke.py", line 242, in <module>
    run_smoke_test()
    ~~~~~~~~~~~~~~^^
  File "D:\LLM\tests\test_smo
ke.py", line 48, in 
run_smoke_test
    print("\n[Step 1] 
Generating NL\u2192SQL pairs 
from sample schema...")
    ~~~~~^^^^^^^^^^^^^^^^^^^^
^^^^^^^^^^^^^^^^^^^^^^^^^^^^^
^^^^^^^^^^^
  File "C:\Python314\Lib\enco
dings\cp1252.py", line 19, 
in encode
    return codecs.charmap_enc
ode(input,self.errors,encodin
g_table)[0]
           ~~~~~~~~~~~~~~~~~~
~~~^^^^^^^^^^^^^^^^^^^^^^^^^^
^^^^^^^^
UnicodeEncodeError: 
'charmap' codec can't encode 
character '\u2192' in 
position 24: character maps 
to <undefined>
