======================================================================
SMOKE TEST -- From-Scratch NL2SQL LLM
======================================================================
[smoke] Temp dir: C:\Users\DELL\AppData\Local\Temp\nl2sql_smoke__q4neg4_

[Step 1] Generating NL->SQL pairs from sample schema...
  Generated 173 NL->SQL pairs
  Saved train (20) and val (5) to C:\Users\DELL\AppData\Local\Temp\nl2sql_smoke__q4neg4_

[Step 2] Training BPE tokenizer on bootstrap corpus...
[tokenizer] Generated bootstrap corpus in C:\Users\DELL\AppData\Local\Temp\nl2sql_smoke__q4neg4_\corpus
[tokenizer] Training BPE on 3 files, vocab_size=4000 ...



[tokenizer] Saved to C:\Users\DELL\AppData\Local\Temp\nl2sql_smoke__q4neg4_\tokenizer\tokenizer.json  (vocab_size=915)
  Tokenizer vocab size: 915
  Special tokens OK: <pad>, <bos>, <eos>, <unk>

[Step 3] Training tiny GPT model for 5 steps (smoke test)...
GPT model initialised ù 0.4M trainable parameters (excl. weight-tied lm_head)
  Step 1: loss=6.7556
  Step 2: loss=6.4033
  Step 3: loss=6.1651
  Step 4: loss=5.9403
  Step 5: loss=5.7022
  Training 5 steps completed [OK]

[Step 4] Running inference on 5 questions...
  Q: Show me all employee names
  A: First inforimaliiressFThest;());());numberiFTFTFTFT an tublublJressiDELEDELEowialnumber d [== above 

  Q: How many departments are there?
  A: ac tr max city city ta ta t tccccARCHING an anarcharch HAVINGOINFTUSA mo
 the the theqqqqPle.[ Mhhha

  Q: List projects starting after 2024
  A: Employees ADD dept plnsalal tit popalalcategor t categorl show BET students students hire
alductalqu

  Q: What is the average salary by department?
  A: ALTER tr);categor=artDateartDateProjectIDi BETde art art art art the foreign;gionvenue,, ADD the art

  Q: Show employees in the Engineering department
  A: numberhducthalal dqua students plns N HAVINGqnumber deptQLnumberi employee),FT N employeeT),Projects

  Generated 5 responses [OK]
[Step 5] Testing SQL validator and parser...
  [OK] Parse: SELECT [FirstName], [LastName] FROM [Employees]  
  [OK] Validate: SELECT [FirstName], [LastName] FROM [Employees]  msgs=[]
  [OK] Parse: SELECT COUNT(*) FROM [Departments]  
  [OK] Validate: SELECT COUNT(*) FROM [Departments]  msgs=[]
  [OK] Parse: SELECT [ProjectName] FROM [Projects] WHERE [StartDate] > '20  
  [OK] Validate: SELECT [ProjectName] FROM [Projects] WHERE [StartDate] > '20  msgs=[]

  Testing unsafe SQL detection:
    [OK] BLOCKED: DROP TABLE Employees  msgs=['Unsafe keyword detected: DROP']
    [OK] BLOCKED: DELETE FROM Employees WHERE 1=1  msgs=['Unsafe keyword detected: DELETE']
    [OK] BLOCKED: INSERT INTO Employees VALUES (1, 'a', 'b', 'c', '2024-01-01'  msgs=['Unsafe keyword detected: INSERT']
    [OK] BLOCKED: SELECT * FROM Employees; DROP TABLE Employees;--  msgs=['Unsafe keyword detected: DROP']

  Testing dialect detection:
    [OK] Server=myserver;Database=mydb;Trusted_Connection=T -> tsql (expected tsql)
    [OK] postgresql://user:pass@localhost/db -> postgres (expected postgres)
    [OK] mysql://root@localhost/shop -> mysql (expected mysql)
    [OK] sqlite:///data.db -> sqlite (expected sqlite)

======================================================================
ALL SMOKE TESTS PASSED [OK]
======================================================================

[smoke] Cleaned up C:\Users\DELL\AppData\Local\Temp\nl2sql_smoke__q4neg4_
